./tests/decho.sh 1 delayed &
./tests/decho.sh 2 delayedmore &
echo now
now
wait
delayed
delayedmore
echo later
later
